OpenJDK 64-Bit Server VM (25.171-b11) for linux-amd64 JRE (1.8.0_171-8u171-b11-0ubuntu0.16.04.1-b11), built on Apr 27 2018 17:19:03 by "buildd" with gcc 5.4.0 20160609
Memory: 4k page, physical 16099136k(7838840k free), swap 16444924k(16444924k free)
CommandLine flags: -XX:+ExplicitGCInvokesConcurrent -XX:GCLogFileSize=104857600 -XX:InitialHeapSize=1073741824 -XX:InitiatingHeapOccupancyPercent=35 -XX:+ManagementServer -XX:MaxGCPauseMillis=20 -XX:MaxHeapSize=1073741824 -XX:NumberOfGCLogFiles=10 -XX:+PrintGC -XX:+PrintGCDateStamps -XX:+PrintGCDetails -XX:+PrintGCTimeStamps -XX:+UseCompressedClassPointers -XX:+UseCompressedOops -XX:+UseG1GC -XX:+UseGCLogFileRotation 
2018-08-01T21:14:32.812+0200: 0,880: [GC pause (G1 Evacuation Pause) (young), 0,0121705 secs]
   [Parallel Time: 5,7 ms, GC Workers: 4]
      [GC Worker Start (ms): Min: 880,1, Avg: 880,1, Max: 880,1, Diff: 0,0]
      [Ext Root Scanning (ms): Min: 0,7, Avg: 1,8, Max: 4,3, Diff: 3,6, Sum: 7,3]
      [Update RS (ms): Min: 0,0, Avg: 0,0, Max: 0,0, Diff: 0,0, Sum: 0,0]
         [Processed Buffers: Min: 0, Avg: 0,0, Max: 0, Diff: 0, Sum: 0]
      [Scan RS (ms): Min: 0,0, Avg: 0,0, Max: 0,0, Diff: 0,0, Sum: 0,0]
      [Code Root Scanning (ms): Min: 0,0, Avg: 0,1, Max: 0,4, Diff: 0,4, Sum: 0,5]
      [Object Copy (ms): Min: 1,0, Avg: 3,4, Max: 4,4, Diff: 3,5, Sum: 13,5]
      [Termination (ms): Min: 0,0, Avg: 0,3, Max: 0,4, Diff: 0,4, Sum: 1,1]
         [Termination Attempts: Min: 1, Avg: 3,2, Max: 5, Diff: 4, Sum: 13]
      [GC Worker Other (ms): Min: 0,0, Avg: 0,0, Max: 0,0, Diff: 0,0, Sum: 0,1]
      [GC Worker Total (ms): Min: 5,6, Avg: 5,6, Max: 5,7, Diff: 0,0, Sum: 22,5]
      [GC Worker End (ms): Min: 885,7, Avg: 885,7, Max: 885,8, Diff: 0,1]
   [Code Root Fixup: 0,1 ms]
   [Code Root Purge: 0,0 ms]
   [Clear CT: 0,2 ms]
   [Other: 6,2 ms]
      [Choose CSet: 0,0 ms]
      [Ref Proc: 5,5 ms]
      [Ref Enq: 0,0 ms]
      [Redirty Cards: 0,1 ms]
      [Humongous Register: 0,0 ms]
      [Humongous Reclaim: 0,0 ms]
      [Free CSet: 0,2 ms]
   [Eden: 51,0M(51,0M)->0,0B(44,0M) Survivors: 0,0B->7168,0K Heap: 51,0M(1024,0M)->7906,0K(1024,0M)]
 [Times: user=0,02 sys=0,01, real=0,01 secs] 
2018-08-01T21:14:33.229+0200: 1,297: [GC pause (Metadata GC Threshold) (young) (initial-mark), 0,0062230 secs]
   [Parallel Time: 3,9 ms, GC Workers: 4]
      [GC Worker Start (ms): Min: 1297,0, Avg: 1297,1, Max: 1297,1, Diff: 0,0]
      [Ext Root Scanning (ms): Min: 0,8, Avg: 0,9, Max: 1,0, Diff: 0,2, Sum: 3,7]
      [Update RS (ms): Min: 0,0, Avg: 0,0, Max: 0,1, Diff: 0,1, Sum: 0,1]
         [Processed Buffers: Min: 0, Avg: 0,2, Max: 1, Diff: 1, Sum: 1]
      [Scan RS (ms): Min: 0,0, Avg: 0,0, Max: 0,0, Diff: 0,0, Sum: 0,0]
      [Code Root Scanning (ms): Min: 0,0, Avg: 0,2, Max: 0,8, Diff: 0,8, Sum: 0,9]
      [Object Copy (ms): Min: 2,2, Avg: 2,6, Max: 2,8, Diff: 0,6, Sum: 10,5]
      [Termination (ms): Min: 0,0, Avg: 0,0, Max: 0,0, Diff: 0,0, Sum: 0,0]
         [Termination Attempts: Min: 1, Avg: 1,2, Max: 2, Diff: 1, Sum: 5]
      [GC Worker Other (ms): Min: 0,0, Avg: 0,0, Max: 0,0, Diff: 0,0, Sum: 0,0]
      [GC Worker Total (ms): Min: 3,8, Avg: 3,8, Max: 3,8, Diff: 0,0, Sum: 15,3]
      [GC Worker End (ms): Min: 1300,9, Avg: 1300,9, Max: 1300,9, Diff: 0,0]
   [Code Root Fixup: 0,0 ms]
   [Code Root Purge: 0,0 ms]
   [Clear CT: 0,1 ms]
   [Other: 2,2 ms]
      [Choose CSet: 0,0 ms]
      [Ref Proc: 1,8 ms]
      [Ref Enq: 0,0 ms]
      [Redirty Cards: 0,0 ms]
      [Humongous Register: 0,0 ms]
      [Humongous Reclaim: 0,0 ms]
      [Free CSet: 0,1 ms]
   [Eden: 37,0M(44,0M)->0,0B(44,0M) Survivors: 7168,0K->7168,0K Heap: 44,2M(1024,0M)->9943,5K(1024,0M)]
 [Times: user=0,02 sys=0,00, real=0,00 secs] 
2018-08-01T21:14:33.235+0200: 1,303: [GC concurrent-root-region-scan-start]
2018-08-01T21:14:33.239+0200: 1,308: [GC concurrent-root-region-scan-end, 0,0043900 secs]
2018-08-01T21:14:33.239+0200: 1,308: [GC concurrent-mark-start]
2018-08-01T21:14:33.240+0200: 1,309: [GC concurrent-mark-end, 0,0010937 secs]
2018-08-01T21:14:33.241+0200: 1,309: [GC remark 2018-08-01T21:14:33.241+0200: 1,309: [Finalize Marking, 0,0010407 secs] 2018-08-01T21:14:33.242+0200: 1,310: [GC ref-proc, 0,0001156 secs] 2018-08-01T21:14:33.242+0200: 1,310: [Unloading, 0,0023239 secs], 0,0037224 secs]
 [Times: user=0,02 sys=0,00, real=0,01 secs] 
2018-08-01T21:14:33.244+0200: 1,313: [GC cleanup 10M->10M(1024M), 0,0008212 secs]
 [Times: user=0,00 sys=0,00, real=0,00 secs] 
2018-08-01T21:14:33.889+0200: 1,957: [GC pause (G1 Evacuation Pause) (young), 0,0097254 secs]
   [Parallel Time: 7,4 ms, GC Workers: 4]
      [GC Worker Start (ms): Min: 1957,1, Avg: 1957,1, Max: 1957,1, Diff: 0,0]
      [Ext Root Scanning (ms): Min: 0,6, Avg: 0,9, Max: 1,5, Diff: 1,0, Sum: 3,6]
      [Update RS (ms): Min: 0,0, Avg: 0,1, Max: 0,3, Diff: 0,3, Sum: 0,6]
         [Processed Buffers: Min: 0, Avg: 0,8, Max: 1, Diff: 1, Sum: 3]
      [Scan RS (ms): Min: 0,0, Avg: 0,0, Max: 0,0, Diff: 0,0, Sum: 0,0]
      [Code Root Scanning (ms): Min: 0,0, Avg: 1,0, Max: 3,0, Diff: 3,0, Sum: 3,9]
      [Object Copy (ms): Min: 3,4, Avg: 5,3, Max: 6,3, Diff: 3,0, Sum: 21,3]
      [Termination (ms): Min: 0,0, Avg: 0,0, Max: 0,0, Diff: 0,0, Sum: 0,0]
         [Termination Attempts: Min: 1, Avg: 8,5, Max: 15, Diff: 14, Sum: 34]
      [GC Worker Other (ms): Min: 0,0, Avg: 0,0, Max: 0,0, Diff: 0,0, Sum: 0,0]
      [GC Worker Total (ms): Min: 7,4, Avg: 7,4, Max: 7,4, Diff: 0,0, Sum: 29,5]
      [GC Worker End (ms): Min: 1964,5, Avg: 1964,5, Max: 1964,5, Diff: 0,0]
   [Code Root Fixup: 0,1 ms]
   [Code Root Purge: 0,0 ms]
   [Clear CT: 0,1 ms]
   [Other: 2,1 ms]
      [Choose CSet: 0,0 ms]
      [Ref Proc: 1,8 ms]
      [Ref Enq: 0,0 ms]
      [Redirty Cards: 0,0 ms]
      [Humongous Register: 0,0 ms]
      [Humongous Reclaim: 0,0 ms]
      [Free CSet: 0,1 ms]
   [Eden: 44,0M(44,0M)->0,0B(44,0M) Survivors: 7168,0K->7168,0K Heap: 181,7M(1024,0M)->142,3M(1024,0M)]
 [Times: user=0,02 sys=0,00, real=0,01 secs] 
2018-08-01T21:14:35.147+0200: 3,215: [GC pause (G1 Evacuation Pause) (young), 0,0144023 secs]
   [Parallel Time: 11,0 ms, GC Workers: 4]
      [GC Worker Start (ms): Min: 3215,6, Avg: 3215,6, Max: 3215,7, Diff: 0,1]
      [Ext Root Scanning (ms): Min: 1,2, Avg: 1,7, Max: 3,2, Diff: 2,0, Sum: 7,0]
      [Update RS (ms): Min: 0,0, Avg: 0,2, Max: 0,4, Diff: 0,4, Sum: 1,0]
         [Processed Buffers: Min: 0, Avg: 1,8, Max: 3, Diff: 3, Sum: 7]
      [Scan RS (ms): Min: 0,1, Avg: 0,5, Max: 0,8, Diff: 0,8, Sum: 2,0]
      [Code Root Scanning (ms): Min: 0,0, Avg: 1,1, Max: 2,5, Diff: 2,5, Sum: 4,6]
      [Object Copy (ms): Min: 5,8, Avg: 7,3, Max: 8,5, Diff: 2,7, Sum: 29,0]
      [Termination (ms): Min: 0,0, Avg: 0,0, Max: 0,0, Diff: 0,0, Sum: 0,0]
         [Termination Attempts: Min: 1, Avg: 1,0, Max: 1, Diff: 0, Sum: 4]
      [GC Worker Other (ms): Min: 0,0, Avg: 0,0, Max: 0,0, Diff: 0,0, Sum: 0,1]
      [GC Worker Total (ms): Min: 10,9, Avg: 10,9, Max: 10,9, Diff: 0,1, Sum: 43,6]
      [GC Worker End (ms): Min: 3226,5, Avg: 3226,5, Max: 3226,5, Diff: 0,0]
   [Code Root Fixup: 0,2 ms]
   [Code Root Purge: 0,0 ms]
   [Clear CT: 0,2 ms]
   [Other: 3,1 ms]
      [Choose CSet: 0,0 ms]
      [Ref Proc: 2,3 ms]
      [Ref Enq: 0,0 ms]
      [Redirty Cards: 0,1 ms]
      [Humongous Register: 0,1 ms]
      [Humongous Reclaim: 0,1 ms]
      [Free CSet: 0,2 ms]
   [Eden: 44,0M(44,0M)->0,0B(44,0M) Survivors: 7168,0K->7168,0K Heap: 226,3M(1024,0M)->147,5M(1024,0M)]
 [Times: user=0,05 sys=0,00, real=0,01 secs] 
2018-08-01T21:20:03.576+0200: 331,645: [GC pause (G1 Evacuation Pause) (young), 0,0147879 secs]
   [Parallel Time: 13,1 ms, GC Workers: 4]
      [GC Worker Start (ms): Min: 331644,8, Avg: 331646,3, Max: 331648,6, Diff: 3,8]
      [Ext Root Scanning (ms): Min: 0,0, Avg: 0,5, Max: 1,1, Diff: 1,1, Sum: 2,0]
      [Update RS (ms): Min: 0,0, Avg: 0,4, Max: 0,7, Diff: 0,7, Sum: 1,4]
         [Processed Buffers: Min: 0, Avg: 8,8, Max: 19, Diff: 19, Sum: 35]
      [Scan RS (ms): Min: 0,0, Avg: 0,2, Max: 0,3, Diff: 0,3, Sum: 0,8]
      [Code Root Scanning (ms): Min: 0,0, Avg: 1,9, Max: 6,3, Diff: 6,3, Sum: 7,4]
      [Object Copy (ms): Min: 4,9, Avg: 8,6, Max: 10,2, Diff: 5,3, Sum: 34,4]
      [Termination (ms): Min: 0,0, Avg: 0,1, Max: 0,1, Diff: 0,1, Sum: 0,2]
         [Termination Attempts: Min: 1, Avg: 1,0, Max: 1, Diff: 0, Sum: 4]
      [GC Worker Other (ms): Min: 0,0, Avg: 0,0, Max: 0,0, Diff: 0,0, Sum: 0,0]
      [GC Worker Total (ms): Min: 9,2, Avg: 11,6, Max: 13,1, Diff: 3,9, Sum: 46,3]
      [GC Worker End (ms): Min: 331657,9, Avg: 331657,9, Max: 331657,9, Diff: 0,0]
   [Code Root Fixup: 0,0 ms]
   [Code Root Purge: 0,2 ms]
   [Clear CT: 0,1 ms]
   [Other: 1,3 ms]
      [Choose CSet: 0,0 ms]
      [Ref Proc: 0,9 ms]
      [Ref Enq: 0,0 ms]
      [Redirty Cards: 0,1 ms]
      [Humongous Register: 0,0 ms]
      [Humongous Reclaim: 0,0 ms]
      [Free CSet: 0,1 ms]
   [Eden: 44,0M(44,0M)->0,0B(45,0M) Survivors: 7168,0K->6144,0K Heap: 191,5M(1024,0M)->150,5M(1024,0M)]
 [Times: user=0,03 sys=0,00, real=0,02 secs] 
